// Jest Snapshot v1, https://goo.gl/fbAQLP

exports[`renders correctly 1`] = `
<Text
  style={
    [
      {
        "color": "#2F2D2C",
        "fontFamily": "Sora_400Regular",
        "fontSize": 16,
      },
    ]
  }
>
  Snapshot test!
</Text>
`;
